分类: 📺综合, 名称: Red Bull TV, 有效: 1, IPv4: 1, IPv6: 0, 最小延迟: 452 ms, 最高速率: 9.50 M/s, 平均速率: 9.50 M/s, 最高分辨率: 1920x1080, 平均帧率: 30.00, 视频编解码器: h264, 音频编解码器: aac
分类: 🌏台湾, 名称: MTV Live, 有效: 1, IPv4: 1, IPv6: 0, 最小延迟: 254 ms, 最高速率: 13.62 M/s, 平均速率: 13.62 M/s, 最高分辨率: 1280x720, 平均帧率: 29.97, 视频编解码器: h264, 音频编解码器: aac
分类: 📺综合, 名称: HBO, 有效: 1, IPv4: 1, IPv6: 0, 最小延迟: 705 ms, 最高速率: 3.63 M/s, 平均速率: 3.63 M/s, 最高分辨率: 1920x1080, 平均帧率: 59.94, 视频编解码器: h264, 音频编解码器: aac
分类: 📺综合, 名称: HBO Hits, 有效: 1, IPv4: 1, IPv6: 0, 最小延迟: 946 ms, 最高速率: 7.48 M/s, 平均速率: 7.48 M/s, 最高分辨率: 1920x1080, 平均帧率: 59.94, 视频编解码器: h264, 音频编解码器: aac
分类: 🌎美国新闻, 名称: Fox News, 有效: 1, IPv4: 1, IPv6: 0, 最小延迟: 290 ms, 最高速率: 0.82 M/s, 平均速率: 0.82 M/s, 最高分辨率: 1280x720, 平均帧率: 59.94, 视频编解码器: h264, 音频编解码器: aac
分类: 🌎美国新闻, 名称: NewsNation, 有效: 0, IPv4: 1, IPv6: 0, 最小延迟: -1 ms, 最高速率: 0.00 M/s, 平均速率: 0.00 M/s, 最高分辨率: None, 平均帧率: 未知, 视频编解码器: 未知, 音频编解码器: 未知
分类: 🌎美国新闻, 名称: MS NOW, 有效: 1, IPv4: 1, IPv6: 0, 最小延迟: 429 ms, 最高速率: 0.54 M/s, 平均速率: 0.54 M/s, 最高分辨率: 1280x720, 平均帧率: 59.94, 视频编解码器: h264, 音频编解码器: aac
分类: 🌎美国新闻, 名称: C-SPAN, 有效: 1, IPv4: 1, IPv6: 0, 最小延迟: 476 ms, 最高速率: 1.05 M/s, 平均速率: 1.05 M/s, 最高分辨率: 1920x1080, 平均帧率: 59.94, 视频编解码器: h264, 音频编解码器: aac
分类: 🌎英国新闻, 名称: BBC News UK, 有效: 1, IPv4: 1, IPv6: 0, 最小延迟: 425 ms, 最高速率: 8.05 M/s, 平均速率: 8.05 M/s, 最高分辨率: 1280x720, 平均帧率: 50.00, 视频编解码器: h264, 音频编解码器: aac
分类: 🌎美国新闻, 名称: CNBC, 有效: 1, IPv4: 1, IPv6: 0, 最小延迟: 229 ms, 最高速率: 0.21 M/s, 平均速率: 0.21 M/s, 最高分辨率: 1280x720, 平均帧率: 30.00, 视频编解码器: h264, 音频编解码器: aac
分类: 🌎美国体育, 名称: ESPNU, 有效: 1, IPv4: 1, IPv6: 0, 最小延迟: 649 ms, 最高速率: 1.96 M/s, 平均速率: 1.96 M/s, 最高分辨率: 1280x720, 平均帧率: 59.94, 视频编解码器: h264, 音频编解码器: aac
分类: 🌎美国新闻, 名称: Fox Business, 有效: 0, IPv4: 1, IPv6: 0, 最小延迟: 2304 ms, 最高速率: 0.15 M/s, 平均速率: 0.00 M/s, 最高分辨率: 1920x1080, 平均帧率: 59.94, 视频编解码器: h264, 音频编解码器: ac3
分类: 🌎美国体育, 名称: ESPN2, 有效: 1, IPv4: 1, IPv6: 0, 最小延迟: 241 ms, 最高速率: 15.72 M/s, 平均速率: 15.72 M/s, 最高分辨率: 1280x720, 平均帧率: 29.97, 视频编解码器: h264, 音频编解码器: aac
分类: 🌎美国体育, 名称: SEC Network, 有效: 1, IPv4: 1, IPv6: 0, 最小延迟: 770 ms, 最高速率: 4.84 M/s, 平均速率: 4.84 M/s, 最高分辨率: 1280x720, 平均帧率: 59.94, 视频编解码器: h264, 音频编解码器: aac
分类: 🌎美国体育, 名称: ESPN, 有效: 0, IPv4: 1, IPv6: 0, 最小延迟: 10537 ms, 最高速率: 0.14 M/s, 平均速率: 0.00 M/s, 最高分辨率: 1280x720, 平均帧率: 59.94, 视频编解码器: h264, 音频编解码器: aac
分类: 🌎美国体育, 名称: ESPN Deportes, 有效: 1, IPv4: 1, IPv6: 0, 最小延迟: 442 ms, 最高速率: 0.88 M/s, 平均速率: 0.88 M/s, 最高分辨率: 1280x720, 平均帧率: 29.97, 视频编解码器: h264, 音频编解码器: aac
分类: 🌎美国体育, 名称: ESPNEWS, 有效: 1, IPv4: 1, IPv6: 0, 最小延迟: 233 ms, 最高速率: 0.89 M/s, 平均速率: 0.89 M/s, 最高分辨率: 1280x720, 平均帧率: 59.94, 视频编解码器: h264, 音频编解码器: aac
分类: 🌎美国体育, 名称: ACC Network, 有效: 1, IPv4: 1, IPv6: 0, 最小延迟: 118 ms, 最高速率: 0.65 M/s, 平均速率: 0.65 M/s, 最高分辨率: 1280x720, 平均帧率: 59.94, 视频编解码器: h264, 音频编解码器: aac
分类: 🌎美国体育, 名称: FS1, 有效: 1, IPv4: 1, IPv6: 0, 最小延迟: 223 ms, 最高速率: 1.20 M/s, 平均速率: 1.20 M/s, 最高分辨率: 1280x720, 平均帧率: 29.97, 视频编解码器: h264, 音频编解码器: aac
分类: 🌎美国体育, 名称: FS2, 有效: 1, IPv4: 1, IPv6: 0, 最小延迟: 269 ms, 最高速率: 1.17 M/s, 平均速率: 1.17 M/s, 最高分辨率: 1280x720, 平均帧率: 29.97, 视频编解码器: h264, 音频编解码器: aac
分类: 🌎美国体育, 名称: CBS Sports Network, 有效: 1, IPv4: 1, IPv6: 0, 最小延迟: 442 ms, 最高速率: 1.14 M/s, 平均速率: 1.14 M/s, 最高分辨率: 1280x720, 平均帧率: 59.94, 视频编解码器: h264, 音频编解码器: aac
分类: 🌎美国体育, 名称: NBC Sports Boston, 有效: 1, IPv4: 1, IPv6: 0, 最小延迟: 209 ms, 最高速率: 1.56 M/s, 平均速率: 1.56 M/s, 最高分辨率: 1280x720, 平均帧率: 29.97, 视频编解码器: h264, 音频编解码器: aac
分类: 🌎美国体育, 名称: NBC Sports Bay Area, 有效: 1, IPv4: 1, IPv6: 0, 最小延迟: 235 ms, 最高速率: 2.42 M/s, 平均速率: 2.42 M/s, 最高分辨率: 1920x1080, 平均帧率: 59.94, 视频编解码器: h264, 音频编解码器: aac
分类: 🌎美国体育, 名称: NBC Sports California, 有效: 1, IPv4: 1, IPv6: 0, 最小延迟: 273 ms, 最高速率: 6.20 M/s, 平均速率: 6.20 M/s, 最高分辨率: 1920x1080, 平均帧率: 59.94, 视频编解码器: h264, 音频编解码器: aac
分类: 🌎美国体育, 名称: beIN SPORTS XTRA, 有效: 1, IPv4: 1, IPv6: 0, 最小延迟: 160 ms, 最高速率: 21.48 M/s, 平均速率: 21.48 M/s, 最高分辨率: 1920x1080, 平均帧率: 29.97, 视频编解码器: h264, 音频编解码器: aac
分类: 🌎美国体育, 名称: Fubo Sports Network, 有效: 1, IPv4: 1, IPv6: 0, 最小延迟: 200 ms, 最高速率: 22.40 M/s, 平均速率: 22.40 M/s, 最高分辨率: 1920x1080, 平均帧率: 29.97, 视频编解码器: h264, 音频编解码器: aac
分类: 🌎美国体育, 名称: NBC Sports Philadelphia, 有效: 1, IPv4: 1, IPv6: 0, 最小延迟: 212 ms, 最高速率: 4.60 M/s, 平均速率: 4.60 M/s, 最高分辨率: 1280x720, 平均帧率: 29.97, 视频编解码器: h264, 音频编解码器: aac
分类: 🌎美国体育, 名称: beIN SPORTS, 有效: 1, IPv4: 1, IPv6: 0, 最小延迟: 142 ms, 最高速率: 6.59 M/s, 平均速率: 6.59 M/s, 最高分辨率: 1280x720, 平均帧率: 59.94, 视频编解码器: h264, 音频编解码器: aac
分类: 🌎美国体育, 名称: Big Ten Network, 有效: 1, IPv4: 1, IPv6: 0, 最小延迟: 829 ms, 最高速率: 4.23 M/s, 平均速率: 4.23 M/s, 最高分辨率: 1920x1080, 平均帧率: 59.94, 视频编解码器: h264, 音频编解码器: aac
分类: 🌎美国体育, 名称: YES Network, 有效: 1, IPv4: 1, IPv6: 0, 最小延迟: 773 ms, 最高速率: 5.08 M/s, 平均速率: 5.08 M/s, 最高分辨率: 1920x1080, 平均帧率: 59.94, 视频编解码器: h264, 音频编解码器: aac
分类: 🌎美国体育, 名称: NBA TV, 有效: 1, IPv4: 1, IPv6: 0, 最小延迟: 1570 ms, 最高速率: 0.97 M/s, 平均速率: 0.97 M/s, 最高分辨率: 1280x720, 平均帧率: 59.94, 视频编解码器: h264, 音频编解码器: aac
分类: 🌎美国体育, 名称: Spectrum SportsNet LA Dodgers, 有效: 1, IPv4: 1, IPv6: 0, 最小延迟: 1064 ms, 最高速率: 10.85 M/s, 平均速率: 10.85 M/s, 最高分辨率: 1280x720, 平均帧率: 59.94, 视频编解码器: h264, 音频编解码器: aac
分类: 🌎美国体育, 名称: Sportsnet New York, 有效: 1, IPv4: 1, IPv6: 0, 最小延迟: 1584 ms, 最高速率: 1.01 M/s, 平均速率: 1.01 M/s, 最高分辨率: 1280x720, 平均帧率: 59.94, 视频编解码器: h264, 音频编解码器: aac
分类: 🌎美国体育, 名称: Spectrum SportsNet Lakers, 有效: 1, IPv4: 1, IPv6: 0, 最小延迟: 1105 ms, 最高速率: 2.63 M/s, 平均速率: 2.63 M/s, 最高分辨率: 1920x1080, 平均帧率: 59.94, 视频编解码器: h264, 音频编解码器: aac
分类: 🌎美国体育, 名称: NFL Network, 有效: 1, IPv4: 1, IPv6: 0, 最小延迟: 774 ms, 最高速率: 4.72 M/s, 平均速率: 4.72 M/s, 最高分辨率: 1280x720, 平均帧率: 59.94, 视频编解码器: h264, 音频编解码器: aac
分类: 🌎美国体育, 名称: Marquee Sports Network, 有效: 1, IPv4: 1, IPv6: 0, 最小延迟: 419 ms, 最高速率: 1.12 M/s, 平均速率: 1.12 M/s, 最高分辨率: 1280x720, 平均帧率: 29.97, 视频编解码器: h264, 音频编解码器: aac
分类: 🌎美国体育, 名称: NHL Network, 有效: 1, IPv4: 1, IPv6: 0, 最小延迟: 264 ms, 最高速率: 14.35 M/s, 平均速率: 14.35 M/s, 最高分辨率: 1920x1080, 平均帧率: 29.97, 视频编解码器: h264, 音频编解码器: aac
分类: 🌎美国体育, 名称: Altitude Sports, 有效: 1, IPv4: 1, IPv6: 0, 最小延迟: 646 ms, 最高速率: 2.48 M/s, 平均速率: 2.48 M/s, 最高分辨率: 1280x720, 平均帧率: 59.94, 视频编解码器: h264, 音频编解码器: aac
分类: 🌎美国体育, 名称: Sportsnet Pittsburgh, 有效: 1, IPv4: 1, IPv6: 0, 最小延迟: 290 ms, 最高速率: 0.41 M/s, 平均速率: 0.41 M/s, 最高分辨率: 1280x720, 平均帧率: 59.94, 视频编解码器: h264, 音频编解码器: aac
分类: 🌎美国体育, 名称: MLB Network, 有效: 1, IPv4: 1, IPv6: 0, 最小延迟: 222 ms, 最高速率: 1.10 M/s, 平均速率: 1.10 M/s, 最高分辨率: 1280x720, 平均帧率: 59.94, 视频编解码器: h264, 音频编解码器: aac
分类: 🌎美国体育, 名称: Tennis Channel, 有效: 1, IPv4: 1, IPv6: 0, 最小延迟: 433 ms, 最高速率: 8.49 M/s, 平均速率: 8.49 M/s, 最高分辨率: 1920x1080, 平均帧率: 25.00, 视频编解码器: h264, 音频编解码器: aac
分类: 🌎美国体育, 名称: F1 Channel, 有效: 1, IPv4: 1, IPv6: 0, 最小延迟: 368 ms, 最高速率: 10.46 M/s, 平均速率: 10.46 M/s, 最高分辨率: 1920x1080, 平均帧率: 29.97, 视频编解码器: h264, 音频编解码器: aac
分类: 🌎美国体育, 名称: MotoGP TV, 有效: 1, IPv4: 1, IPv6: 0, 最小延迟: 185 ms, 最高速率: 18.95 M/s, 平均速率: 18.95 M/s, 最高分辨率: 1920x1080, 平均帧率: 25.00, 视频编解码器: h264, 音频编解码器: aac
分类: 🌎美国体育, 名称: NFL RedZone, 有效: 0, IPv4: 1, IPv6: 0, 最小延迟: 268 ms, 最高速率: 1.47 M/s, 平均速率: 0.00 M/s, 最高分辨率: 1024x576, 平均帧率: 59.94, 视频编解码器: h264, 音频编解码器: aac
分类: 🌎美国体育, 名称: Golf Channel, 有效: 1, IPv4: 1, IPv6: 0, 最小延迟: 411 ms, 最高速率: 0.67 M/s, 平均速率: 0.67 M/s, 最高分辨率: 1280x720, 平均帧率: 59.94, 视频编解码器: h264, 音频编解码器: aac
分类: 🌎美国体育, 名称: FanDuel Sports Network Detroit, 有效: 1, IPv4: 1, IPv6: 0, 最小延迟: 225 ms, 最高速率: 1.68 M/s, 平均速率: 1.68 M/s, 最高分辨率: 1280x720, 平均帧率: 59.94, 视频编解码器: h264, 音频编解码器: aac
分类: 🌎美国体育, 名称: FanDuel Sports Network Florida, 有效: 1, IPv4: 1, IPv6: 0, 最小延迟: 451 ms, 最高速率: 0.92 M/s, 平均速率: 0.92 M/s, 最高分辨率: 1280x720, 平均帧率: 59.94, 视频编解码器: h264, 音频编解码器: aac
分类: 🌎美国体育, 名称: Willow Cricket, 有效: 1, IPv4: 1, IPv6: 0, 最小延迟: 231 ms, 最高速率: 0.57 M/s, 平均速率: 0.57 M/s, 最高分辨率: 1280x720, 平均帧率: 25.00, 视频编解码器: h264, 音频编解码器: aac
分类: 🌎美国体育, 名称: FanDuel Sports Network Midwest, 有效: 1, IPv4: 1, IPv6: 0, 最小延迟: 753 ms, 最高速率: 0.97 M/s, 平均速率: 0.97 M/s, 最高分辨率: 1280x720, 平均帧率: 59.94, 视频编解码器: h264, 音频编解码器: aac
分类: 🌎美国体育, 名称: FanDuel Sports Network North, 有效: 1, IPv4: 1, IPv6: 0, 最小延迟: 636 ms, 最高速率: 4.32 M/s, 平均速率: 4.32 M/s, 最高分辨率: 1280x720, 平均帧率: 59.94, 视频编解码器: h264, 音频编解码器: aac
分类: 🌎美国体育, 名称: FanDuel Sports Network Ohio, 有效: 1, IPv4: 1, IPv6: 0, 最小延迟: 516 ms, 最高速率: 1.18 M/s, 平均速率: 1.18 M/s, 最高分辨率: 1280x720, 平均帧率: 59.94, 视频编解码器: h264, 音频编解码器: aac
分类: 🌎美国体育, 名称: FanDuel Sports Network SoCal, 有效: 1, IPv4: 1, IPv6: 0, 最小延迟: 636 ms, 最高速率: 4.99 M/s, 平均速率: 4.99 M/s, 最高分辨率: 1280x720, 平均帧率: 59.94, 视频编解码器: h264, 音频编解码器: aac
分类: 🌎美国体育, 名称: FanDuel Sports Network Oklahoma, 有效: 1, IPv4: 1, IPv6: 0, 最小延迟: 498 ms, 最高速率: 1.08 M/s, 平均速率: 1.08 M/s, 最高分辨率: 1280x720, 平均帧率: 59.94, 视频编解码器: h264, 音频编解码器: aac
分类: 🌎美国体育, 名称: FanDuel Sports Network West, 有效: 1, IPv4: 1, IPv6: 0, 最小延迟: 194 ms, 最高速率: 1.28 M/s, 平均速率: 1.28 M/s, 最高分辨率: 1280x720, 平均帧率: 59.94, 视频编解码器: h264, 音频编解码器: aac
分类: 🌎美国体育, 名称: FanDuel Sports Network Southeast, 有效: 1, IPv4: 1, IPv6: 0, 最小延迟: 668 ms, 最高速率: 6.28 M/s, 平均速率: 6.28 M/s, 最高分辨率: 1280x720, 平均帧率: 59.94, 视频编解码器: h264, 音频编解码器: aac
分类: 🌎美国体育, 名称: FanDuel Sports Network Sun, 有效: 1, IPv4: 1, IPv6: 0, 最小延迟: 648 ms, 最高速率: 8.62 M/s, 平均速率: 8.62 M/s, 最高分辨率: 1280x720, 平均帧率: 59.94, 视频编解码器: h264, 音频编解码器: aac
分类: 🌎美国体育, 名称: FanDuel Sports Network Wisconsin, 有效: 1, IPv4: 1, IPv6: 0, 最小延迟: 661 ms, 最高速率: 6.46 M/s, 平均速率: 6.46 M/s, 最高分辨率: 1280x720, 平均帧率: 59.94, 视频编解码器: h264, 音频编解码器: aac
分类: 🌎美国体育, 名称: FanDuel Sports Network Southwest, 有效: 1, IPv4: 1, IPv6: 0, 最小延迟: 192 ms, 最高速率: 1.52 M/s, 平均速率: 1.52 M/s, 最高分辨率: 1280x720, 平均帧率: 59.94, 视频编解码器: h264, 音频编解码器: aac
分类: 🌎美国体育, 名称: Space City Home Network, 有效: 1, IPv4: 1, IPv6: 0, 最小延迟: 201 ms, 最高速率: 1.09 M/s, 平均速率: 1.09 M/s, 最高分辨率: 1280x720, 平均帧率: 59.94, 视频编解码器: h264, 音频编解码器: aac
分类: 🌎美国体育, 名称: MSG, 有效: 1, IPv4: 1, IPv6: 0, 最小延迟: 150 ms, 最高速率: 2.62 M/s, 平均速率: 2.62 M/s, 最高分辨率: 1920x1080, 平均帧率: 59.94, 视频编解码器: h264, 音频编解码器: aac
分类: 🌎美国体育, 名称: MSG 2, 有效: 1, IPv4: 1, IPv6: 0, 最小延迟: 133 ms, 最高速率: 6.03 M/s, 平均速率: 6.03 M/s, 最高分辨率: 1280x720, 平均帧率: 59.94, 视频编解码器: h264, 音频编解码器: aac
分类: 🌎美国体育, 名称: MSGSN, 有效: 1, IPv4: 1, IPv6: 0, 最小延迟: 171 ms, 最高速率: 2.88 M/s, 平均速率: 2.88 M/s, 最高分辨率: 1280x720, 平均帧率: 59.94, 视频编解码器: h264, 音频编解码器: aac
分类: 🌎美国体育, 名称: World Fishing Network, 有效: 1, IPv4: 1, IPv6: 0, 最小延迟: 143 ms, 最高速率: 5.73 M/s, 平均速率: 5.73 M/s, 最高分辨率: 1280x720, 平均帧率: 59.94, 视频编解码器: h264, 音频编解码器: aac
分类: 🌎美国体育, 名称: WWE Network, 有效: 0, IPv4: 1, IPv6: 0, 最小延迟: 207 ms, 最高速率: 0.56 M/s, 平均速率: 0.00 M/s, 最高分辨率: 1088x614, 平均帧率: 30.00, 视频编解码器: h264, 音频编解码器: aac
分类: 🌎加拿大体育, 名称: TSN1 CA, 有效: 1, IPv4: 1, IPv6: 0, 最小延迟: 173 ms, 最高速率: 4.04 M/s, 平均速率: 4.04 M/s, 最高分辨率: 1920x1080, 平均帧率: 60.00, 视频编解码器: h264, 音频编解码器: aac
分类: 🌎加拿大体育, 名称: TSN2 CA, 有效: 1, IPv4: 1, IPv6: 0, 最小延迟: 141 ms, 最高速率: 4.18 M/s, 平均速率: 4.18 M/s, 最高分辨率: 1920x1080, 平均帧率: 60.00, 视频编解码器: h264, 音频编解码器: aac
分类: 🌎加拿大体育, 名称: TSN3 CA, 有效: 1, IPv4: 1, IPv6: 0, 最小延迟: 148 ms, 最高速率: 8.88 M/s, 平均速率: 8.88 M/s, 最高分辨率: 1920x1080, 平均帧率: 59.94, 视频编解码器: h264, 音频编解码器: aac
分类: 🌎加拿大体育, 名称: TSN4 CA, 有效: 1, IPv4: 1, IPv6: 0, 最小延迟: 195 ms, 最高速率: 3.14 M/s, 平均速率: 3.14 M/s, 最高分辨率: 1920x1080, 平均帧率: 60.00, 视频编解码器: h264, 音频编解码器: aac
分类: 🌎加拿大体育, 名称: TSN5 CA, 有效: 1, IPv4: 1, IPv6: 0, 最小延迟: 144 ms, 最高速率: 5.00 M/s, 平均速率: 5.00 M/s, 最高分辨率: 1920x1080, 平均帧率: 60.00, 视频编解码器: h264, 音频编解码器: aac
分类: 🌎加拿大体育, 名称: Sportsnet Ontario CA, 有效: 1, IPv4: 1, IPv6: 0, 最小延迟: 231 ms, 最高速率: 5.38 M/s, 平均速率: 5.38 M/s, 最高分辨率: 1920x1080, 平均帧率: 59.94, 视频编解码器: h264, 音频编解码器: aac
分类: 🌎加拿大体育, 名称: Sportsnet East CA, 有效: 1, IPv4: 1, IPv6: 0, 最小延迟: 192 ms, 最高速率: 6.52 M/s, 平均速率: 6.52 M/s, 最高分辨率: 1920x1080, 平均帧率: 59.94, 视频编解码器: h264, 音频编解码器: aac
分类: 🌎加拿大体育, 名称: Sportsnet West CA, 有效: 1, IPv4: 1, IPv6: 0, 最小延迟: 214 ms, 最高速率: 4.49 M/s, 平均速率: 4.49 M/s, 最高分辨率: 1920x1080, 平均帧率: 59.94, 视频编解码器: h264, 音频编解码器: aac
分类: 🌎加拿大体育, 名称: Sportsnet Pacific CA, 有效: 1, IPv4: 1, IPv6: 0, 最小延迟: 258 ms, 最高速率: 5.03 M/s, 平均速率: 5.03 M/s, 最高分辨率: 1920x1080, 平均帧率: 59.94, 视频编解码器: h264, 音频编解码器: aac
分类: 🌎加拿大体育, 名称: Sportsnet 360 CA, 有效: 1, IPv4: 1, IPv6: 0, 最小延迟: 210 ms, 最高速率: 3.21 M/s, 平均速率: 3.21 M/s, 最高分辨率: 1280x720, 平均帧率: 59.94, 视频编解码器: h264, 音频编解码器: aac
分类: 🌎加拿大体育, 名称: Sportsnet ONE CA, 有效: 1, IPv4: 1, IPv6: 0, 最小延迟: 222 ms, 最高速率: 5.34 M/s, 平均速率: 5.34 M/s, 最高分辨率: 1920x1080, 平均帧率: 59.94, 视频编解码器: h264, 音频编解码器: aac
分类: 🌎加拿大体育, 名称: Sportsnet World CA, 有效: 1, IPv4: 1, IPv6: 0, 最小延迟: 180 ms, 最高速率: 4.25 M/s, 平均速率: 4.25 M/s, 最高分辨率: 1280x720, 平均帧率: 60.00, 视频编解码器: h264, 音频编解码器: aac
分类: 🌎英国体育, 名称: Sky Sports Premier League UK, 有效: 1, IPv4: 1, IPv6: 0, 最小延迟: 127 ms, 最高速率: 4.09 M/s, 平均速率: 4.09 M/s, 最高分辨率: 1920x1080, 平均帧率: 50.00, 视频编解码器: h264, 音频编解码器: aac
分类: 🌎英国体育, 名称: Sky Sports Main Event UK, 有效: 1, IPv4: 1, IPv6: 0, 最小延迟: 187 ms, 最高速率: 3.83 M/s, 平均速率: 3.83 M/s, 最高分辨率: 1920x1080, 平均帧率: 25.00, 视频编解码器: h264, 音频编解码器: aac
分类: 🌎英国体育, 名称: Sky Sports News UK, 有效: 1, IPv4: 1, IPv6: 0, 最小延迟: 139 ms, 最高速率: 5.62 M/s, 平均速率: 5.62 M/s, 最高分辨率: 1920x1080, 平均帧率: 50.00, 视频编解码器: h264, 音频编解码器: aac
分类: 🌎英国体育, 名称: Sky Sports Football UK, 有效: 1, IPv4: 1, IPv6: 0, 最小延迟: 192 ms, 最高速率: 4.54 M/s, 平均速率: 4.54 M/s, 最高分辨率: 1920x1080, 平均帧率: 50.00, 视频编解码器: h264, 音频编解码器: aac
分类: 🌎英国体育, 名称: Sky Sports F1 UK, 有效: 1, IPv4: 1, IPv6: 0, 最小延迟: 168 ms, 最高速率: 9.39 M/s, 平均速率: 9.39 M/s, 最高分辨率: 1920x1080, 平均帧率: 50.00, 视频编解码器: h264, 音频编解码器: aac
分类: 🌎英国体育, 名称: Sky Sports Cricket UK, 有效: 1, IPv4: 1, IPv6: 0, 最小延迟: 159 ms, 最高速率: 17.61 M/s, 平均速率: 17.61 M/s, 最高分辨率: 1920x1080, 平均帧率: 50.00, 视频编解码器: h264, 音频编解码器: aac
分类: 🌎英国体育, 名称: Sky Sports Mix UK, 有效: 1, IPv4: 1, IPv6: 0, 最小延迟: 200 ms, 最高速率: 9.10 M/s, 平均速率: 9.10 M/s, 最高分辨率: 1920x1080, 平均帧率: 50.00, 视频编解码器: h264, 音频编解码器: aac
分类: 🌎英国体育, 名称: Sky Sports Golf UK, 有效: 1, IPv4: 1, IPv6: 0, 最小延迟: 151 ms, 最高速率: 9.34 M/s, 平均速率: 9.34 M/s, 最高分辨率: 1920x1080, 平均帧率: 50.00, 视频编解码器: h264, 音频编解码器: aac
分类: 🌎英国体育, 名称: Sky Sports Racing UK, 有效: 1, IPv4: 1, IPv6: 0, 最小延迟: 197 ms, 最高速率: 4.87 M/s, 平均速率: 4.87 M/s, 最高分辨率: 1920x1080, 平均帧率: 50.00, 视频编解码器: h264, 音频编解码器: aac
分类: 🌎英国体育, 名称: Sky Sports Action UK, 有效: 1, IPv4: 1, IPv6: 0, 最小延迟: 143 ms, 最高速率: 6.63 M/s, 平均速率: 6.63 M/s, 最高分辨率: 1920x1080, 平均帧率: 50.00, 视频编解码器: h264, 音频编解码器: aac
分类: 🌎英国体育, 名称: TNT Sports 1 UK, 有效: 1, IPv4: 1, IPv6: 0, 最小延迟: 166 ms, 最高速率: 3.28 M/s, 平均速率: 3.28 M/s, 最高分辨率: 1920x1080, 平均帧率: 25.00, 视频编解码器: h264, 音频编解码器: aac
分类: 🌎英国体育, 名称: Sky Sports+ UK, 有效: 1, IPv4: 1, IPv6: 0, 最小延迟: 121 ms, 最高速率: 8.46 M/s, 平均速率: 8.46 M/s, 最高分辨率: 1920x1080, 平均帧率: 25.00, 视频编解码器: h264, 音频编解码器: aac
分类: 🌎英国体育, 名称: TNT Sports 2 UK, 有效: 1, IPv4: 1, IPv6: 0, 最小延迟: 165 ms, 最高速率: 8.58 M/s, 平均速率: 8.58 M/s, 最高分辨率: 1920x1080, 平均帧率: 25.00, 视频编解码器: h264, 音频编解码器: aac
分类: 🌎英国体育, 名称: TNT Sports 3 UK, 有效: 1, IPv4: 1, IPv6: 0, 最小延迟: 143 ms, 最高速率: 1.65 M/s, 平均速率: 1.65 M/s, 最高分辨率: 1920x1080, 平均帧率: 25.00, 视频编解码器: h264, 音频编解码器: aac
分类: 🌎意大利体育, 名称: EuroSport 2 UK, 有效: 0, IPv4: 1, IPv6: 0, 最小延迟: -1 ms, 最高速率: 0.00 M/s, 平均速率: 0.00 M/s, 最高分辨率: None, 平均帧率: 未知, 视频编解码器: 未知, 音频编解码器: 未知
分类: 🌎英国体育, 名称: TNT Sports 4 UK, 有效: 1, IPv4: 1, IPv6: 0, 最小延迟: 160 ms, 最高速率: 1.69 M/s, 平均速率: 1.69 M/s, 最高分辨率: 1920x1080, 平均帧率: 25.00, 视频编解码器: h264, 音频编解码器: aac
分类: 🌎英国体育, 名称: Premier Sports 1 UK, 有效: 1, IPv4: 1, IPv6: 0, 最小延迟: 238 ms, 最高速率: 3.78 M/s, 平均速率: 3.78 M/s, 最高分辨率: 1920x1080, 平均帧率: 25.00, 视频编解码器: h264, 音频编解码器: aac
分类: 🌎英国体育, 名称: Premier Sports 2 UK, 有效: 1, IPv4: 1, IPv6: 0, 最小延迟: 234 ms, 最高速率: 0.79 M/s, 平均速率: 0.79 M/s, 最高分辨率: 1280x720, 平均帧率: 25.00, 视频编解码器: h264, 音频编解码器: aac
分类: 🌎葡萄牙体育, 名称: Sport TV 1 PT, 有效: 1, IPv4: 1, IPv6: 0, 最小延迟: 485 ms, 最高速率: 1.07 M/s, 平均速率: 1.07 M/s, 最高分辨率: 1280x720, 平均帧率: 50.00, 视频编解码器: hevc, 音频编解码器: aac
分类: 🌎意大利体育, 名称: EuroSport 1 UK, 有效: 1, IPv4: 1, IPv6: 0, 最小延迟: 282 ms, 最高速率: 1.33 M/s, 平均速率: 1.33 M/s, 最高分辨率: 1920x1080, 平均帧率: 50.00, 视频编解码器: h264, 音频编解码器: aac
分类: 🌎希腊体育, 名称: Cosmote Sport 1 GR, 有效: 0, IPv4: 1, IPv6: 0, 最小延迟: -1 ms, 最高速率: 0.00 M/s, 平均速率: 0.00 M/s, 最高分辨率: None, 平均帧率: 未知, 视频编解码器: 未知, 音频编解码器: 未知
分类: 🌎葡萄牙体育, 名称: Sport TV 2 PT, 有效: 1, IPv4: 1, IPv6: 0, 最小延迟: 500 ms, 最高速率: 0.93 M/s, 平均速率: 0.93 M/s, 最高分辨率: 1280x720, 平均帧率: 25.00, 视频编解码器: h264, 音频编解码器: aac
分类: 🌎希腊体育, 名称: Cosmote Sport 2 GR, 有效: 0, IPv4: 1, IPv6: 0, 最小延迟: -1 ms, 最高速率: 0.00 M/s, 平均速率: 0.00 M/s, 最高分辨率: None, 平均帧率: 未知, 视频编解码器: 未知, 音频编解码器: 未知
分类: 🌎葡萄牙体育, 名称: Sport TV 3 PT, 有效: 0, IPv4: 1, IPv6: 0, 最小延迟: 479 ms, 最高速率: 0.99 M/s, 平均速率: 0.00 M/s, 最高分辨率: 720x576, 平均帧率: 25.00, 视频编解码器: h264, 音频编解码器: aac
分类: 🌎希腊体育, 名称: Cosmote Sport 4 GR, 有效: 1, IPv4: 1, IPv6: 0, 最小延迟: 1753 ms, 最高速率: 1.99 M/s, 平均速率: 1.99 M/s, 最高分辨率: 1920x1080, 平均帧率: 50.00, 视频编解码器: h264, 音频编解码器: aac
分类: 🌎希腊体育, 名称: Cosmote Sport 5 GR, 有效: 1, IPv4: 1, IPv6: 0, 最小延迟: 1321 ms, 最高速率: 0.74 M/s, 平均速率: 0.74 M/s, 最高分辨率: 1920x1080, 平均帧率: 25.00, 视频编解码器: h264, 音频编解码器: aac
分类: 🌎希腊体育, 名称: Cosmote Sport 3 GR, 有效: 1, IPv4: 1, IPv6: 0, 最小延迟: 1956 ms, 最高速率: 2.38 M/s, 平均速率: 2.38 M/s, 最高分辨率: 1920x1080, 平均帧率: 50.00, 视频编解码器: h264, 音频编解码器: aac
分类: 🌎葡萄牙体育, 名称: Sport TV 4 PT, 有效: 0, IPv4: 1, IPv6: 0, 最小延迟: 492 ms, 最高速率: 0.57 M/s, 平均速率: 0.00 M/s, 最高分辨率: 720x576, 平均帧率: 25.00, 视频编解码器: h264, 音频编解码器: aac
分类: 🌎葡萄牙体育, 名称: Sport TV+ PT, 有效: 1, IPv4: 1, IPv6: 0, 最小延迟: 504 ms, 最高速率: 3.07 M/s, 平均速率: 3.07 M/s, 最高分辨率: 1920x1080, 平均帧率: 25.00, 视频编解码器: h264, 音频编解码器: mp2
分类: 🌎希腊体育, 名称: Cosmote Sport 8 GR, 有效: 1, IPv4: 1, IPv6: 0, 最小延迟: 1622 ms, 最高速率: 1.94 M/s, 平均速率: 1.94 M/s, 最高分辨率: 1920x1080, 平均帧率: 50.00, 视频编解码器: h264, 音频编解码器: 未知
分类: 🌎希腊体育, 名称: Cosmote Sport 6 GR, 有效: 1, IPv4: 1, IPv6: 0, 最小延迟: 1758 ms, 最高速率: 2.91 M/s, 平均速率: 2.91 M/s, 最高分辨率: 1920x1080, 平均帧率: 25.00, 视频编解码器: h264, 音频编解码器: aac
分类: 🌎希腊体育, 名称: Cosmote Sport 7 GR, 有效: 1, IPv4: 1, IPv6: 0, 最小延迟: 1946 ms, 最高速率: 2.56 M/s, 平均速率: 2.56 M/s, 最高分辨率: 1920x1080, 平均帧率: 25.00, 视频编解码器: h264, 音频编解码器: aac
分类: 🌎希腊体育, 名称: Cosmote Sport 9 GR, 有效: 1, IPv4: 1, IPv6: 0, 最小延迟: 1330 ms, 最高速率: 1.11 M/s, 平均速率: 1.11 M/s, 最高分辨率: 1920x1080, 平均帧率: 25.00, 视频编解码器: h264, 音频编解码器: mp2
分类: 🌎荷兰体育, 名称: Ziggo Sport 2 NL, 有效: 0, IPv4: 1, IPv6: 0, 最小延迟: -1 ms, 最高速率: 0.00 M/s, 平均速率: 0.00 M/s, 最高分辨率: None, 平均帧率: 未知, 视频编解码器: 未知, 音频编解码器: 未知
分类: 🌎荷兰体育, 名称: Ziggo Sport NL, 有效: 1, IPv4: 1, IPv6: 0, 最小延迟: 2335 ms, 最高速率: 2.02 M/s, 平均速率: 2.02 M/s, 最高分辨率: 1920x1080, 平均帧率: 50.00, 视频编解码器: h264, 音频编解码器: mp2
分类: 🌎荷兰体育, 名称: Ziggo Sport 3 NL, 有效: 1, IPv4: 1, IPv6: 0, 最小延迟: 1649 ms, 最高速率: 1.43 M/s, 平均速率: 1.43 M/s, 最高分辨率: 1920x1080, 平均帧率: 25.00, 视频编解码器: h264, 音频编解码器: mp2
分类: 🌎阿尔巴尼亚体育, 名称: Super Sport 1 AL, 有效: 1, IPv4: 1, IPv6: 0, 最小延迟: 287 ms, 最高速率: 2.32 M/s, 平均速率: 2.32 M/s, 最高分辨率: 1920x1080, 平均帧率: 25.00, 视频编解码器: h264, 音频编解码器: mp2
分类: 🌎荷兰体育, 名称: Ziggo Sport 4 NL, 有效: 1, IPv4: 1, IPv6: 0, 最小延迟: 4555 ms, 最高速率: 0.74 M/s, 平均速率: 0.74 M/s, 最高分辨率: 1920x1080, 平均帧率: 25.00, 视频编解码器: h264, 音频编解码器: mp2
分类: 🌎阿尔巴尼亚体育, 名称: Super Sport 3 AL, 有效: 1, IPv4: 1, IPv6: 0, 最小延迟: 323 ms, 最高速率: 3.03 M/s, 平均速率: 3.03 M/s, 最高分辨率: 1920x1080, 平均帧率: 25.00, 视频编解码器: h264, 音频编解码器: mp2
分类: 🌎阿尔巴尼亚体育, 名称: Super Sport 2 AL, 有效: 1, IPv4: 1, IPv6: 0, 最小延迟: 272 ms, 最高速率: 5.36 M/s, 平均速率: 5.36 M/s, 最高分辨率: 1920x1080, 平均帧率: 25.00, 视频编解码器: h264, 音频编解码器: mp2
分类: 🌎新西兰体育, 名称: SKY Sport 1 NZ, 有效: 1, IPv4: 1, IPv6: 0, 最小延迟: 297 ms, 最高速率: 1.04 M/s, 平均速率: 1.04 M/s, 最高分辨率: 1280x720, 平均帧率: 50.00, 视频编解码器: h264, 音频编解码器: aac
分类: 🌎新西兰体育, 名称: SKY Sport 6 NZ, 有效: 0, IPv4: 1, IPv6: 0, 最小延迟: -1 ms, 最高速率: 0.00 M/s, 平均速率: 0.00 M/s, 最高分辨率: None, 平均帧率: 未知, 视频编解码器: 未知, 音频编解码器: 未知
分类: 🌎新西兰体育, 名称: SKY Sport 7 NZ, 有效: 0, IPv4: 1, IPv6: 0, 最小延迟: -1 ms, 最高速率: 0.00 M/s, 平均速率: 0.00 M/s, 最高分辨率: None, 平均帧率: 未知, 视频编解码器: 未知, 音频编解码器: 未知
分类: 🌎新西兰体育, 名称: SKY Sport 2 NZ, 有效: 1, IPv4: 1, IPv6: 0, 最小延迟: 278 ms, 最高速率: 1.07 M/s, 平均速率: 1.07 M/s, 最高分辨率: 1280x720, 平均帧率: 50.00, 视频编解码器: h264, 音频编解码器: aac
分类: 🌎新西兰体育, 名称: SKY Sport 3 NZ, 有效: 1, IPv4: 1, IPv6: 0, 最小延迟: 227 ms, 最高速率: 1.16 M/s, 平均速率: 1.16 M/s, 最高分辨率: 1280x720, 平均帧率: 50.00, 视频编解码器: h264, 音频编解码器: aac
分类: 🌎新西兰体育, 名称: SKY Sport 5 NZ, 有效: 1, IPv4: 1, IPv6: 0, 最小延迟: 246 ms, 最高速率: 0.93 M/s, 平均速率: 0.93 M/s, 最高分辨率: 1280x720, 平均帧率: 50.00, 视频编解码器: h264, 音频编解码器: aac
分类: 🌎新西兰体育, 名称: SKY Sport 4 NZ, 有效: 1, IPv4: 1, IPv6: 0, 最小延迟: 274 ms, 最高速率: 1.23 M/s, 平均速率: 1.23 M/s, 最高分辨率: 1280x720, 平均帧率: 50.00, 视频编解码器: h264, 音频编解码器: aac
分类: 🌎4K超清, 名称: Sportsnet One 4K CA, 有效: 1, IPv4: 1, IPv6: 0, 最小延迟: 1114 ms, 最高速率: 29.55 M/s, 平均速率: 29.55 M/s, 最高分辨率: 3840x2160, 平均帧率: 59.94, 视频编解码器: hevc, 音频编解码器: ac3
分类: 🌎4K超清, 名称: TSN 4K CA, 有效: 1, IPv4: 1, IPv6: 0, 最小延迟: 1202 ms, 最高速率: 25.55 M/s, 平均速率: 25.55 M/s, 最高分辨率: 3840x2160, 平均帧率: 59.94, 视频编解码器: hevc, 音频编解码器: ac3
分类: 🌎4K超清, 名称: Sportsnet 4K CA, 有效: 0, IPv4: 1, IPv6: 0, 最小延迟: 754 ms, 最高速率: 0.58 M/s, 平均速率: 0.00 M/s, 最高分辨率: 3840x2160, 平均帧率: 59.94, 视频编解码器: hevc, 音频编解码器: ac3
分类: 🌎4K超清, 名称: Bloomberg TV 4K, 有效: 1, IPv4: 1, IPv6: 0, 最小延迟: 242 ms, 最高速率: 32.14 M/s, 平均速率: 32.14 M/s, 最高分辨率: 3840x2160, 平均帧率: 59.94, 视频编解码器: hevc, 音频编解码器: aac
分类: 🌎新西兰体育, 名称: SKY Sport 8 Premier League NZ, 有效: 1, IPv4: 1, IPv6: 0, 最小延迟: 277 ms, 最高速率: 1.12 M/s, 平均速率: 1.12 M/s, 最高分辨率: 1280x720, 平均帧率: 50.00, 视频编解码器: h264, 音频编解码器: aac
分类: 🌎4K超清, 名称: NESN 4K, 有效: 1, IPv4: 1, IPv6: 0, 最小延迟: 1201 ms, 最高速率: 7.50 M/s, 平均速率: 7.50 M/s, 最高分辨率: 3840x2160, 平均帧率: 59.94, 视频编解码器: hevc, 音频编解码器: ac3
分类: 🌎精品电影, 名称: HBO Comedy, 有效: 1, IPv4: 1, IPv6: 0, 最小延迟: 563 ms, 最高速率: 4.29 M/s, 平均速率: 4.29 M/s, 最高分辨率: 1920x1080, 平均帧率: 59.94, 视频编解码器: h264, 音频编解码器: aac
分类: 🌎4K超清, 名称: Sky Sports F1 4K UK, 有效: 0, IPv4: 1, IPv6: 0, 最小延迟: 954 ms, 最高速率: 0.12 M/s, 平均速率: 0.00 M/s, 最高分辨率: 3840x2160, 平均帧率: 50.00, 视频编解码器: hevc, 音频编解码器: aac
分类: 🌎4K超清, 名称: V Sport UltraHD SE, 有效: 0, IPv4: 1, IPv6: 0, 最小延迟: 704 ms, 最高速率: 0.06 M/s, 平均速率: 0.00 M/s, 最高分辨率: 3840x2160, 平均帧率: 50.00, 视频编解码器: hevc, 音频编解码器: aac
分类: 🌎新西兰体育, 名称: SKY Sport 9 NZ, 有效: 1, IPv4: 1, IPv6: 0, 最小延迟: 274 ms, 最高速率: 1.12 M/s, 平均速率: 1.12 M/s, 最高分辨率: 1280x720, 平均帧率: 50.00, 视频编解码器: h264, 音频编解码器: aac
分类: 🌎精品电影, 名称: HBO Movies, 有效: 1, IPv4: 1, IPv6: 0, 最小延迟: 721 ms, 最高速率: 5.62 M/s, 平均速率: 5.62 M/s, 最高分辨率: 1920x1080, 平均帧率: 59.94, 视频编解码器: h264, 音频编解码器: aac
分类: 🌎精品电影, 名称: Paramount+ with Showtime, 有效: 1, IPv4: 1, IPv6: 0, 最小延迟: 708 ms, 最高速率: 4.42 M/s, 平均速率: 4.42 M/s, 最高分辨率: 1280x720, 平均帧率: 30.00, 视频编解码器: h264, 音频编解码器: aac
分类: 🌎精品电影, 名称: Showtime Next, 有效: 1, IPv4: 1, IPv6: 0, 最小延迟: 419 ms, 最高速率: 0.21 M/s, 平均速率: 0.21 M/s, 最高分辨率: 1280x720, 平均帧率: 29.97, 视频编解码器: h264, 音频编解码器: aac
分类: 🌎精品电影, 名称: Showtime Women, 有效: 1, IPv4: 1, IPv6: 0, 最小延迟: 420 ms, 最高速率: 0.20 M/s, 平均速率: 0.20 M/s, 最高分辨率: 1280x720, 平均帧率: 29.97, 视频编解码器: h264, 音频编解码器: aac
分类: 🌎精品电影, 名称: Showtime 2, 有效: 1, IPv4: 1, IPv6: 0, 最小延迟: 154 ms, 最高速率: 1.72 M/s, 平均速率: 1.72 M/s, 最高分辨率: 1280x720, 平均帧率: 59.94, 视频编解码器: h264, 音频编解码器: aac
分类: 🌎精品电影, 名称: HBO Drama, 有效: 1, IPv4: 1, IPv6: 0, 最小延迟: 589 ms, 最高速率: 1.67 M/s, 平均速率: 1.67 M/s, 最高分辨率: 1920x1080, 平均帧率: 29.97, 视频编解码器: h264, 音频编解码器: aac
分类: 🌎精品电影, 名称: Showtime Extreme, 有效: 1, IPv4: 1, IPv6: 0, 最小延迟: 147 ms, 最高速率: 0.53 M/s, 平均速率: 0.53 M/s, 最高分辨率: 1280x720, 平均帧率: 59.94, 视频编解码器: h264, 音频编解码器: aac
分类: 🌎精品电影, 名称: SHOxBET, 有效: 1, IPv4: 1, IPv6: 0, 最小延迟: 546 ms, 最高速率: 1.12 M/s, 平均速率: 1.12 M/s, 最高分辨率: 1920x1080, 平均帧率: 29.97, 视频编解码器: h264, 音频编解码器: aac
分类: 🌎精品电影, 名称: Starz Edge, 有效: 0, IPv4: 1, IPv6: 0, 最小延迟: 430 ms, 最高速率: 0.19 M/s, 平均速率: 0.00 M/s, 最高分辨率: 1280x720, 平均帧率: 29.97, 视频编解码器: h264, 音频编解码器: aac
分类: 🌎精品电影, 名称: Showtime Showcase, 有效: 1, IPv4: 1, IPv6: 0, 最小延迟: 228 ms, 最高速率: 2.33 M/s, 平均速率: 2.33 M/s, 最高分辨率: 1280x720, 平均帧率: 59.94, 视频编解码器: h264, 音频编解码器: aac
分类: 🌎精品电影, 名称: Starz in Black, 有效: 0, IPv4: 1, IPv6: 0, 最小延迟: 760 ms, 最高速率: 0.23 M/s, 平均速率: 0.00 M/s, 最高分辨率: 1920x1080, 平均帧率: 59.94, 视频编解码器: h264, 音频编解码器: aac
分类: 🌎精品电影, 名称: Starz, 有效: 1, IPv4: 1, IPv6: 0, 最小延迟: 140 ms, 最高速率: 14.43 M/s, 平均速率: 14.43 M/s, 最高分辨率: 1280x720, 平均帧率: 29.97, 视频编解码器: h264, 音频编解码器: aac
分类: 🌎精品电影, 名称: Starz Comedy, 有效: 0, IPv4: 1, IPv6: 0, 最小延迟: 229 ms, 最高速率: 4.43 M/s, 平均速率: 0.00 M/s, 最高分辨率: 768x432, 平均帧率: 29.97, 视频编解码器: h264, 音频编解码器: eac3
分类: 🌎精品电影, 名称: Starz Encore, 有效: 0, IPv4: 1, IPv6: 0, 最小延迟: -1 ms, 最高速率: 0.00 M/s, 平均速率: 0.00 M/s, 最高分辨率: None, 平均帧率: 未知, 视频编解码器: 未知, 音频编解码器: 未知
分类: 🌎精品电影, 名称: Showtime Family Zone, 有效: 1, IPv4: 1, IPv6: 0, 最小延迟: 168 ms, 最高速率: 0.82 M/s, 平均速率: 0.82 M/s, 最高分辨率: 1280x720, 平均帧率: 29.97, 视频编解码器: h264, 音频编解码器: aac
分类: 🌎精品电影, 名称: Starz Kids & Family, 有效: 0, IPv4: 1, IPv6: 0, 最小延迟: 207 ms, 最高速率: 5.21 M/s, 平均速率: 0.00 M/s, 最高分辨率: 768x432, 平均帧率: 29.97, 视频编解码器: h264, 音频编解码器: eac3
分类: 🌎精品电影, 名称: Starz Encore Classic, 有效: 1, IPv4: 1, IPv6: 0, 最小延迟: 1578 ms, 最高速率: 1.16 M/s, 平均速率: 1.16 M/s, 最高分辨率: 1920x1080, 平均帧率: 29.97, 视频编解码器: h264, 音频编解码器: aac
分类: 🌎精品电影, 名称: Starz Encore Action, 有效: 1, IPv4: 1, IPv6: 0, 最小延迟: 219 ms, 最高速率: 7.69 M/s, 平均速率: 7.69 M/s, 最高分辨率: 1280x720, 平均帧率: 29.97, 视频编解码器: h264, 音频编解码器: aac
分类: 🌎精品电影, 名称: Starz Encore Family, 有效: 1, IPv4: 1, IPv6: 0, 最小延迟: 215 ms, 最高速率: 2.45 M/s, 平均速率: 2.45 M/s, 最高分辨率: 1280x720, 平均帧率: 59.94, 视频编解码器: h264, 音频编解码器: aac
分类: 🌎精品电影, 名称: Starz Encore Black, 有效: 1, IPv4: 1, IPv6: 0, 最小延迟: 226 ms, 最高速率: 6.94 M/s, 平均速率: 6.94 M/s, 最高分辨率: 1280x720, 平均帧率: 29.97, 视频编解码器: h264, 音频编解码器: aac
分类: 🌎精品电影, 名称: Cinemax, 有效: 1, IPv4: 1, IPv6: 0, 最小延迟: 767 ms, 最高速率: 5.67 M/s, 平均速率: 5.67 M/s, 最高分辨率: 1920x1080, 平均帧率: 59.94, 视频编解码器: h264, 音频编解码器: aac
分类: 🌎精品电影, 名称: Cinemax Hits, 有效: 1, IPv4: 1, IPv6: 0, 最小延迟: 696 ms, 最高速率: 8.25 M/s, 平均速率: 8.25 M/s, 最高分辨率: 1920x1080, 平均帧率: 59.94, 视频编解码器: h264, 音频编解码器: aac
分类: 🌎精品电影, 名称: Starz Encore Suspense, 有效: 0, IPv4: 1, IPv6: 0, 最小延迟: 150 ms, 最高速率: 6.61 M/s, 平均速率: 0.00 M/s, 最高分辨率: 768x432, 平均帧率: 29.97, 视频编解码器: h264, 音频编解码器: eac3
分类: 🌎精品电影, 名称: Cinemax Classics, 有效: 1, IPv4: 1, IPv6: 0, 最小延迟: 647 ms, 最高速率: 8.40 M/s, 平均速率: 8.40 M/s, 最高分辨率: 1920x1080, 平均帧率: 59.94, 视频编解码器: h264, 音频编解码器: aac
分类: 🌎精品电影, 名称: Starz Cinema, 有效: 1, IPv4: 1, IPv6: 0, 最小延迟: 272 ms, 最高速率: 20.49 M/s, 平均速率: 20.49 M/s, 最高分辨率: 1920x1080, 平均帧率: 59.94, 视频编解码器: h264, 音频编解码器: aac
分类: 🌎精品电影, 名称: Starz Encore Westerns, 有效: 1, IPv4: 1, IPv6: 0, 最小延迟: 228 ms, 最高速率: 5.75 M/s, 平均速率: 5.75 M/s, 最高分辨率: 1280x720, 平均帧率: 29.97, 视频编解码器: h264, 音频编解码器: aac
分类: 🌎精品电影, 名称: Cinemax Action, 有效: 1, IPv4: 1, IPv6: 0, 最小延迟: 150 ms, 最高速率: 18.93 M/s, 平均速率: 18.93 M/s, 最高分辨率: 1280x720, 平均帧率: 29.97, 视频编解码器: h264, 音频编解码器: aac
分类: 🌎精品电影, 名称: ScreenPix, 有效: 0, IPv4: 1, IPv6: 0, 最小延迟: 752 ms, 最高速率: 3.86 M/s, 平均速率: 0.00 M/s, 最高分辨率: 960x540, 平均帧率: 59.94, 视频编解码器: h264, 音频编解码器: aac
分类: 🌎精品电影, 名称: MGM+ Marquee, 有效: 1, IPv4: 1, IPv6: 0, 最小延迟: 132 ms, 最高速率: 2.67 M/s, 平均速率: 2.67 M/s, 最高分辨率: 1280x720, 平均帧率: 29.97, 视频编解码器: h264, 音频编解码器: aac
分类: 🌎精品电影, 名称: MGM+, 有效: 1, IPv4: 1, IPv6: 0, 最小延迟: 602 ms, 最高速率: 2.89 M/s, 平均速率: 2.89 M/s, 最高分辨率: 1920x1080, 平均帧率: 29.97, 视频编解码器: h264, 音频编解码器: eac3
分类: 🌎精品电影, 名称: ScreenPix Action, 有效: 0, IPv4: 1, IPv6: 0, 最小延迟: 752 ms, 最高速率: 1.26 M/s, 平均速率: 0.00 M/s, 最高分辨率: 960x540, 平均帧率: 59.94, 视频编解码器: h264, 音频编解码器: aac
分类: 🌎精品电影, 名称: MGM+ Hits, 有效: 1, IPv4: 1, IPv6: 0, 最小延迟: 598 ms, 最高速率: 2.47 M/s, 平均速率: 2.47 M/s, 最高分辨率: 1920x1080, 平均帧率: 29.97, 视频编解码器: h264, 音频编解码器: aac
分类: 🌎精品电影, 名称: ScreenPix Voices, 有效: 0, IPv4: 1, IPv6: 0, 最小延迟: 720 ms, 最高速率: 1.48 M/s, 平均速率: 0.00 M/s, 最高分辨率: 960x540, 平均帧率: 59.94, 视频编解码器: h264, 音频编解码器: aac
分类: 🌎精品电影, 名称: MGM+ Drive-In, 有效: 1, IPv4: 1, IPv6: 0, 最小延迟: 580 ms, 最高速率: 3.32 M/s, 平均速率: 3.32 M/s, 最高分辨率: 1920x1080, 平均帧率: 29.97, 视频编解码器: h264, 音频编解码器: aac
分类: 🌎精品电影, 名称: IndiePlex, 有效: 0, IPv4: 1, IPv6: 0, 最小延迟: -1 ms, 最高速率: 0.00 M/s, 平均速率: 0.00 M/s, 最高分辨率: None, 平均帧率: 未知, 视频编解码器: 未知, 音频编解码器: 未知
分类: 🌎精品电影, 名称: ScreenPix Westerns, 有效: 1, IPv4: 1, IPv6: 0, 最小延迟: 763 ms, 最高速率: 1.07 M/s, 平均速率: 1.07 M/s, 最高分辨率: 1280x720, 平均帧率: 30.00, 视频编解码器: h264, 音频编解码器: aac
分类: 🌎精品电影, 名称: MoviePlex, 有效: 1, IPv4: 1, IPv6: 0, 最小延迟: 777 ms, 最高速率: 1.34 M/s, 平均速率: 1.34 M/s, 最高分辨率: 1920x1080, 平均帧率: 29.97, 视频编解码器: h264, 音频编解码器: aac
分类: 🌎精品电影, 名称: The Movie Channel, 有效: 1, IPv4: 1, IPv6: 0, 最小延迟: 749 ms, 最高速率: 1.54 M/s, 平均速率: 1.54 M/s, 最高分辨率: 1920x1080, 平均帧率: 59.94, 视频编解码器: h264, 音频编解码器: aac
分类: 🌎精品电影, 名称: RetroPlex, 有效: 1, IPv4: 1, IPv6: 0, 最小延迟: 428 ms, 最高速率: 0.20 M/s, 平均速率: 0.20 M/s, 最高分辨率: 1280x720, 平均帧率: 29.97, 视频编解码器: h264, 音频编解码器: aac
分类: 🌎影视剧场, 名称: FX, 有效: 1, IPv4: 1, IPv6: 0, 最小延迟: 769 ms, 最高速率: 3.92 M/s, 平均速率: 3.92 M/s, 最高分辨率: 1280x720, 平均帧率: 59.94, 视频编解码器: h264, 音频编解码器: aac
分类: 🌎精品电影, 名称: Crave 1 CA, 有效: 1, IPv4: 1, IPv6: 0, 最小延迟: 227 ms, 最高速率: 0.78 M/s, 平均速率: 0.78 M/s, 最高分辨率: 1280x720, 平均帧率: 30.00, 视频编解码器: h264, 音频编解码器: aac
分类: 🌎精品电影, 名称: Crave 2 CA, 有效: 1, IPv4: 1, IPv6: 0, 最小延迟: 181 ms, 最高速率: 1.04 M/s, 平均速率: 1.04 M/s, 最高分辨率: 1280x720, 平均帧率: 30.00, 视频编解码器: h264, 音频编解码器: aac
分类: 🌎影视剧场, 名称: FXX, 有效: 1, IPv4: 1, IPv6: 0, 最小延迟: 770 ms, 最高速率: 4.92 M/s, 平均速率: 4.92 M/s, 最高分辨率: 1280x720, 平均帧率: 59.94, 视频编解码器: h264, 音频编解码器: aac
分类: 🌎精品电影, 名称: Crave 3 CA, 有效: 1, IPv4: 1, IPv6: 0, 最小延迟: 227 ms, 最高速率: 0.78 M/s, 平均速率: 0.78 M/s, 最高分辨率: 1280x720, 平均帧率: 30.00, 视频编解码器: h264, 音频编解码器: aac
分类: 🌎影视剧场, 名称: Hallmark Channel, 有效: 1, IPv4: 1, IPv6: 0, 最小延迟: 779 ms, 最高速率: 3.99 M/s, 平均速率: 3.99 M/s, 最高分辨率: 1920x1080, 平均帧率: 59.94, 视频编解码器: h264, 音频编解码器: aac
分类: 🌎精品电影, 名称: Crave 4 CA, 有效: 1, IPv4: 1, IPv6: 0, 最小延迟: 177 ms, 最高速率: 1.70 M/s, 平均速率: 1.70 M/s, 最高分辨率: 1280x720, 平均帧率: 30.00, 视频编解码器: h264, 音频编解码器: aac
分类: 🌎影视剧场, 名称: Lifetime, 有效: 0, IPv4: 1, IPv6: 0, 最小延迟: -1 ms, 最高速率: 0.00 M/s, 平均速率: 0.00 M/s, 最高分辨率: None, 平均帧率: 未知, 视频编解码器: 未知, 音频编解码器: 未知
分类: 🌎影视剧场, 名称: Hallmark Mystery, 有效: 1, IPv4: 1, IPv6: 0, 最小延迟: 2066 ms, 最高速率: 1.93 M/s, 平均速率: 1.93 M/s, 最高分辨率: 1280x720, 平均帧率: 29.97, 视频编解码器: h264, 音频编解码器: aac
分类: 🌎影视剧场, 名称: Comet TV, 有效: 1, IPv4: 1, IPv6: 0, 最小延迟: 150 ms, 最高速率: 7.05 M/s, 平均速率: 7.05 M/s, 最高分辨率: 1920x1080, 平均帧率: 29.97, 视频编解码器: h264, 音频编解码器: aac
分类: 🌎影视剧场, 名称: FXM, 有效: 1, IPv4: 1, IPv6: 0, 最小延迟: 158 ms, 最高速率: 1.07 M/s, 平均速率: 1.07 M/s, 最高分辨率: 1280x720, 平均帧率: 59.94, 视频编解码器: h264, 音频编解码器: aac
分类: 🌎影视剧场, 名称: MeTV, 有效: 1, IPv4: 1, IPv6: 0, 最小延迟: 1986 ms, 最高速率: 3.45 M/s, 平均速率: 3.45 M/s, 最高分辨率: 1280x720, 平均帧率: 59.94, 视频编解码器: mpeg2video, 音频编解码器: ac3
分类: 🌎影视剧场, 名称: LMN, 有效: 0, IPv4: 1, IPv6: 0, 最小延迟: 10373 ms, 最高速率: 0.09 M/s, 平均速率: 0.00 M/s, 最高分辨率: 1280x720, 平均帧率: 29.97, 视频编解码器: h264, 音频编解码器: aac
分类: 🌎影视剧场, 名称: Hallmark Family, 有效: 0, IPv4: 1, IPv6: 0, 最小延迟: -1 ms, 最高速率: 0.00 M/s, 平均速率: 0.00 M/s, 最高分辨率: None, 平均帧率: 未知, 视频编解码器: 未知, 音频编解码器: 未知
分类: 🌎影视剧场, 名称: Syfy, 有效: 0, IPv4: 1, IPv6: 0, 最小延迟: -1 ms, 最高速率: 0.00 M/s, 平均速率: 0.00 M/s, 最高分辨率: None, 平均帧率: 未知, 视频编解码器: 未知, 音频编解码器: 未知
分类: 🌎影视剧场, 名称: COZI TV, 有效: 0, IPv4: 1, IPv6: 0, 最小延迟: -1 ms, 最高速率: 0.00 M/s, 平均速率: 0.00 M/s, 最高分辨率: None, 平均帧率: 未知, 视频编解码器: 未知, 音频编解码器: 未知
分类: 🌎影视剧场, 名称: TV Land, 有效: 0, IPv4: 1, IPv6: 0, 最小延迟: -1 ms, 最高速率: 0.00 M/s, 平均速率: 0.00 M/s, 最高分辨率: None, 平均帧率: 未知, 视频编解码器: 未知, 音频编解码器: 未知
分类: 🌎影视剧场, 名称: Freeform, 有效: 0, IPv4: 1, IPv6: 0, 最小延迟: -1 ms, 最高速率: 0.00 M/s, 平均速率: 0.00 M/s, 最高分辨率: None, 平均帧率: 未知, 视频编解码器: 未知, 音频编解码器: 未知
分类: 🌎影视剧场, 名称: Sony Movie Channel, 有效: 0, IPv4: 1, IPv6: 0, 最小延迟: 281 ms, 最高速率: 0.69 M/s, 平均速率: 0.00 M/s, 最高分辨率: 720x576, 平均帧率: 25.00, 视频编解码器: mpeg2video, 音频编解码器: mp2
分类: 🌎影视剧场, 名称: Paramount Network, 有效: 0, IPv4: 1, IPv6: 0, 最小延迟: -1 ms, 最高速率: 0.00 M/s, 平均速率: 0.00 M/s, 最高分辨率: None, 平均帧率: 未知, 视频编解码器: 未知, 音频编解码器: 未知
分类: 🌎影视剧场, 名称: Bounce, 有效: 1, IPv4: 1, IPv6: 0, 最小延迟: 645 ms, 最高速率: 2.42 M/s, 平均速率: 2.42 M/s, 最高分辨率: 1920x1080, 平均帧率: 59.94, 视频编解码器: h264, 音频编解码器: aac
分类: 🌎影视剧场, 名称: Sundance TV, 有效: 0, IPv4: 1, IPv6: 0, 最小延迟: -1 ms, 最高速率: 0.00 M/s, 平均速率: 0.00 M/s, 最高分辨率: None, 平均帧率: 未知, 视频编解码器: 未知, 音频编解码器: 未知
分类: 🌎影视剧场, 名称: GRIT, 有效: 1, IPv4: 1, IPv6: 0, 最小延迟: 1065 ms, 最高速率: 19.63 M/s, 平均速率: 19.63 M/s, 最高分辨率: 1920x1080, 平均帧率: 59.94, 视频编解码器: h264, 音频编解码器: aac
分类: 🌎影视剧场, 名称: IFC, 有效: 0, IPv4: 1, IPv6: 0, 最小延迟: -1 ms, 最高速率: 0.00 M/s, 平均速率: 0.00 M/s, 最高分辨率: None, 平均帧率: 未知, 视频编解码器: 未知, 音频编解码器: 未知
分类: 🌎影视剧场, 名称: Pop, 有效: 1, IPv4: 1, IPv6: 0, 最小延迟: 151 ms, 最高速率: 0.92 M/s, 平均速率: 0.92 M/s, 最高分辨率: 1280x720, 平均帧率: 59.94, 视频编解码器: h264, 音频编解码器: aac
分类: 🌎影视剧场, 名称: HerSphere by Lionsgate, 有效: 1, IPv4: 1, IPv6: 0, 最小延迟: 361 ms, 最高速率: 9.75 M/s, 平均速率: 9.75 M/s, 最高分辨率: 1920x1080, 平均帧率: 29.97, 视频编解码器: h264, 音频编解码器: aac
分类: 🌎影视剧场, 名称: get., 有效: 1, IPv4: 1, IPv6: 0, 最小延迟: 564 ms, 最高速率: 2.55 M/s, 平均速率: 2.55 M/s, 最高分辨率: 1920x1080, 平均帧率: 29.97, 视频编解码器: h264, 音频编解码器: aac
分类: 🌎影视剧场, 名称: OuterSphere by Lionsgate, 有效: 1, IPv4: 1, IPv6: 0, 最小延迟: 184 ms, 最高速率: 22.67 M/s, 平均速率: 22.67 M/s, 最高分辨率: 1920x1080, 平均帧率: 29.97, 视频编解码器: h264, 音频编解码器: aac
分类: 🌎影视剧场, 名称: AMC Thrillers, 有效: 1, IPv4: 1, IPv6: 0, 最小延迟: 307 ms, 最高速率: 5.75 M/s, 平均速率: 5.75 M/s, 最高分辨率: 1920x1080, 平均帧率: 29.97, 视频编解码器: h264, 音频编解码器: aac
分类: 🌎影视剧场, 名称: CW Forever, 有效: 1, IPv4: 1, IPv6: 0, 最小延迟: 189 ms, 最高速率: 19.06 M/s, 平均速率: 19.06 M/s, 最高分辨率: 1920x1080, 平均帧率: 29.97, 视频编解码器: h264, 音频编解码器: aac
分类: 🌎影视剧场, 名称: CW Gold, 有效: 1, IPv4: 1, IPv6: 0, 最小延迟: 173 ms, 最高速率: 19.65 M/s, 平均速率: 19.65 M/s, 最高分辨率: 1920x1080, 平均帧率: 29.97, 视频编解码器: h264, 音频编解码器: aac
分类: 🌎影视剧场, 名称: CINEVAULT, 有效: 1, IPv4: 1, IPv6: 0, 最小延迟: 227 ms, 最高速率: 3.23 M/s, 平均速率: 3.23 M/s, 最高分辨率: 1280x720, 平均帧率: 29.97, 视频编解码器: h264, 音频编解码器: aac
分类: 🌎影视剧场, 名称: TV One, 有效: 1, IPv4: 1, IPv6: 0, 最小延迟: 1081 ms, 最高速率: 3.80 M/s, 平均速率: 3.80 M/s, 最高分辨率: 1920x1080, 平均帧率: 59.94, 视频编解码器: h264, 音频编解码器: aac
分类: 🌎影视剧场, 名称: Sky Cinema Select UK, 有效: 1, IPv4: 1, IPv6: 0, 最小延迟: 141 ms, 最高速率: 7.31 M/s, 平均速率: 7.31 M/s, 最高分辨率: 1920x1080, 平均帧率: 25.00, 视频编解码器: h264, 音频编解码器: aac
分类: 🌎影视剧场, 名称: Sky Cinema Premiere UK, 有效: 1, IPv4: 1, IPv6: 0, 最小延迟: 146 ms, 最高速率: 1.60 M/s, 平均速率: 1.60 M/s, 最高分辨率: 1280x720, 平均帧率: 25.00, 视频编解码器: hevc, 音频编解码器: aac
分类: 🌎影视剧场, 名称: Sky Cinema Hits UK, 有效: 1, IPv4: 1, IPv6: 0, 最小延迟: 160 ms, 最高速率: 8.60 M/s, 平均速率: 8.60 M/s, 最高分辨率: 1920x1080, 平均帧率: 25.00, 视频编解码器: h264, 音频编解码器: aac
分类: 🌎影视剧场, 名称: INSP, 有效: 0, IPv4: 1, IPv6: 0, 最小延迟: -1 ms, 最高速率: 0.00 M/s, 平均速率: 0.00 M/s, 最高分辨率: None, 平均帧率: 未知, 视频编解码器: 未知, 音频编解码器: 未知
分类: 🌎影视剧场, 名称: Sky Cinema Greats UK, 有效: 1, IPv4: 1, IPv6: 0, 最小延迟: 155 ms, 最高速率: 3.66 M/s, 平均速率: 3.66 M/s, 最高分辨率: 1920x1080, 平均帧率: 25.00, 视频编解码器: h264, 音频编解码器: aac
分类: 🌎影视剧场, 名称: BBC America, 有效: 0, IPv4: 1, IPv6: 0, 最小延迟: -1 ms, 最高速率: 0.00 M/s, 平均速率: 0.00 M/s, 最高分辨率: None, 平均帧率: 未知, 视频编解码器: 未知, 音频编解码器: 未知
分类: 🌎影视剧场, 名称: Sky Cinema Family UK, 有效: 1, IPv4: 1, IPv6: 0, 最小延迟: 186 ms, 最高速率: 5.25 M/s, 平均速率: 5.25 M/s, 最高分辨率: 1920x1080, 平均帧率: 25.00, 视频编解码器: h264, 音频编解码器: aac
分类: 🌎影视剧场, 名称: Sky Cinema Action UK, 有效: 1, IPv4: 1, IPv6: 0, 最小延迟: 152 ms, 最高速率: 4.36 M/s, 平均速率: 4.36 M/s, 最高分辨率: 1920x1080, 平均帧率: 50.00, 视频编解码器: h264, 音频编解码器: aac
分类: 🌎影视剧场, 名称: Sky Cinema Comedy UK, 有效: 1, IPv4: 1, IPv6: 0, 最小延迟: 184 ms, 最高速率: 5.80 M/s, 平均速率: 5.80 M/s, 最高分辨率: 1920x1080, 平均帧率: 25.00, 视频编解码器: h264, 音频编解码器: aac
分类: 🌎影视剧场, 名称: Sky Cinema Thriller UK, 有效: 1, IPv4: 1, IPv6: 0, 最小延迟: 163 ms, 最高速率: 1.45 M/s, 平均速率: 1.45 M/s, 最高分辨率: 1280x720, 平均帧率: 50.00, 视频编解码器: hevc, 音频编解码器: aac
分类: 🌎影视剧场, 名称: Sky Cinema Sci-Fi & Horror UK, 有效: 1, IPv4: 1, IPv6: 0, 最小延迟: 153 ms, 最高速率: 7.03 M/s, 平均速率: 7.03 M/s, 最高分辨率: 1920x1080, 平均帧率: 25.00, 视频编解码器: h264, 音频编解码器: aac
分类: 🌎影视剧场, 名称: Sky Cinema Drama UK, 有效: 1, IPv4: 1, IPv6: 0, 最小延迟: 144 ms, 最高速率: 6.44 M/s, 平均速率: 6.44 M/s, 最高分辨率: 1920x1080, 平均帧率: 25.00, 视频编解码器: h264, 音频编解码器: aac
分类: 🌎影视剧场, 名称: Sky Cinema Animation UK, 有效: 0, IPv4: 1, IPv6: 0, 最小延迟: 1175 ms, 最高速率: 0.06 M/s, 平均速率: 0.00 M/s, 最高分辨率: 1920x1080, 平均帧率: 25.00, 视频编解码器: h264, 音频编解码器: aac
分类: 🌎影视剧场, 名称: Sky Atlantic UK, 有效: 1, IPv4: 1, IPv6: 0, 最小延迟: 128 ms, 最高速率: 4.36 M/s, 平均速率: 4.36 M/s, 最高分辨率: 1920x1080, 平均帧率: 25.00, 视频编解码器: h264, 音频编解码器: aac
分类: 🌎影视剧场, 名称: BritBox Mysteries UK, 有效: 1, IPv4: 1, IPv6: 0, 最小延迟: 258 ms, 最高速率: 12.91 M/s, 平均速率: 12.91 M/s, 最高分辨率: 1920x1080, 平均帧率: 29.97, 视频编解码器: h264, 音频编解码器: aac
分类: 📡卡塔尔新闻, 名称: Al Jazeera English QA, 有效: 1, IPv4: 1, IPv6: 0, 最小延迟: 893 ms, 最高速率: 16.83 M/s, 平均速率: 16.83 M/s, 最高分辨率: 1920x1080, 平均帧率: 25.00, 视频编解码器: h264, 音频编解码器: aac
分类: 📡法国新闻, 名称: France 24 English FR, 有效: 1, IPv4: 1, IPv6: 0, 最小延迟: 1022 ms, 最高速率: 6.97 M/s, 平均速率: 6.97 M/s, 最高分辨率: 1920x1080, 平均帧率: 25.00, 视频编解码器: h264, 音频编解码器: aac
分类: 🌎影视剧场, 名称: Sky Sci-Fi UK, 有效: 1, IPv4: 1, IPv6: 0, 最小延迟: 901 ms, 最高速率: 8.62 M/s, 平均速率: 8.62 M/s, 最高分辨率: 1920x1080, 平均帧率: 25.00, 视频编解码器: h264, 音频编解码器: eac3
分类: 🌎影视剧场, 名称: Sky Witness UK, 有效: 1, IPv4: 1, IPv6: 0, 最小延迟: 143 ms, 最高速率: 1.98 M/s, 平均速率: 1.98 M/s, 最高分辨率: 1920x1080, 平均帧率: 25.00, 视频编解码器: h264, 音频编解码器: aac
分类: 🌎影视剧场, 名称: Sky Comedy UK, 有效: 1, IPv4: 1, IPv6: 0, 最小延迟: 143 ms, 最高速率: 1.83 M/s, 平均速率: 1.83 M/s, 最高分辨率: 1920x1080, 平均帧率: 25.00, 视频编解码器: h264, 音频编解码器: aac
